// Jest Snapshot v1, https://goo.gl/fbAQLP

exports[`HospitalList.vue component is rendering properly 1`] = `
<div class="col-md-12 d-flex justify-content-center flex-wrap">
  <router-link-stub to="[object Object]" tag="a" event="click" class="card col-md-3">
    <div class="row mb-5">
      <p class="card__name">São Joaquim</p>
    </div>
    <div class="row justify-content-between w-100">
      <router-link-stub to="[object Object]" tag="a" event="click" class="card__action type-light-green">Novo atendimento
      </router-link-stub> <span class="card__action type-yellow">Editar</span>
    </div>
  </router-link-stub>
  <router-link-stub to="[object Object]" tag="a" event="click" class="card col-md-3">
    <div class="row mb-5">
      <p class="card__name">Albert Einstein</p>
    </div>
    <div class="row justify-content-between w-100">
      <router-link-stub to="[object Object]" tag="a" event="click" class="card__action type-light-green">Novo atendimento
      </router-link-stub> <span class="card__action type-yellow">Editar</span>
    </div>
  </router-link-stub>
  <router-link-stub to="[object Object]" tag="a" event="click" class="card col-md-3">
    <div class="row mb-5">
      <p class="card__name">São Pedro</p>
    </div>
    <div class="row justify-content-between w-100">
      <router-link-stub to="[object Object]" tag="a" event="click" class="card__action type-light-green">Novo atendimento
      </router-link-stub> <span class="card__action type-yellow">Editar</span>
    </div>
  </router-link-stub>
</div>
`;
