// Jest Snapshot v1, https://goo.gl/fbAQLP

exports[`BedList.vue component is rendering properly 1`] = `
<div class="col-md-12 d-flex justify-content-center flex-wrap">
  <bed-card-stub bed="[object Object]"></bed-card-stub>
  <bed-card-stub bed="[object Object]"></bed-card-stub>
  <bed-card-stub bed="[object Object]"></bed-card-stub>
</div>
`;
