// Jest Snapshot v1, https://goo.gl/fbAQLP

exports[`HospitalList.vue component is rendering properly 1`] = `
<div class="col-md-12 d-flex justify-content-center flex-wrap">
  <div class="card col-md-5">
    <p>São Joaquim</p>
  </div>
  <div class="card col-md-5">
    <p>Albert Einstein</p>
  </div>
  <div class="card col-md-5">
    <p>São Pedro</p>
  </div>
</div>
`;
